// Jest Snapshot v1, https://goo.gl/fbAQLP

exports[`<AddCategory /> Test Verificar Snapshot 1`] = `
<form
  onSubmit={[Function]}
>
  <p />
  <input
    onChange={[Function]}
    type="text"
    value=""
  />
  <button
    type="submit"
  >
    Agregar
  </button>
</form>
`;
